[1/6] LINK build\RSBE01_01\ft_metaknight\ft_metaknight.preplf
[2/6] LINK build\RSBE01_01\ft_metaknight\ft_metaknight.plf
### build\compilers\GC\3.0a5.2\mwldeppc.exe Linker Warning:
#   FORCEACTIVE symbol 
#   '__sinit_\ft_metaknight_status_uniq_process_special_s_rush_cpp' is either 
#   not a global symbol or doesn't exist.  Ignored.
### build\compilers\GC\3.0a5.2\mwldeppc.exe Linker Warning:
#   FORCEACTIVE symbol 'lbl_111_rodata_10' is either not a global symbol or 
#   doesn't exist.  Ignored.
### build\compilers\GC\3.0a5.2\mwldeppc.exe Linker Warning:
#   FORCEACTIVE symbol 'lbl_111_data_5D70' is either not a global symbol or 
#   doesn't exist.  Ignored.
### build\compilers\GC\3.0a5.2\mwldeppc.exe Linker Warning:
#   FORCEACTIVE symbol 'lbl_111_data_5D9C' is either not a global symbol or 
#   doesn't exist.  Ignored.
### build\compilers\GC\3.0a5.2\mwldeppc.exe Linker Warning:
#   FORCEACTIVE symbol 'lbl_111_data_5DB0' is either not a global symbol or 
#   doesn't exist.  Ignored.
### build\compilers\GC\3.0a5.2\mwldeppc.exe Linker Warning:
#   FORCEACTIVE symbol 'lbl_111_bss_178' is either not a global symbol or 
#   doesn't exist.  Ignored.
[3/6] REL
[4/6] CHECK config\RSBE01_01\binary-manifest.json
127 files OK
OK: 127/127 binaries verified
[5/6] REPORT
[6/6] PROGRESS
Progress:
  All: 1.79% matched, 1.38% linked (551 / 4418 files)
    Code: 283328 / 15833548 bytes (3440 / 92522 functions)
    Data: 855844 / 5667436 bytes (15.10%)
  DOL: 1.41% matched, 0.88% linked (67 / 1722 files)
    Code: 58648 / 4170064 bytes (517 / 14278 functions)
    Data: 6732 / 1724104 bytes (0.39%)
  Modules: 1.93% matched, 1.56% linked (484 / 2696 files)
    Code: 224680 / 11663484 bytes (2923 / 78244 functions)
    Data: 849112 / 3943332 bytes (21.53%)
