[1/2] SPLIT config\RSBE01_01\config.yml
 WARN Alignment for mo_fighter/ft_marth/ft_marth_status_uniq_process_special_hi.cpp .data expected 8, but starts at 4:0x00005584
[2/2] RUN configure.py
[1/4] SPLIT config\RSBE01_01\config.yml
 WARN Alignment for mo_fighter/ft_marth/ft_marth_status_uniq_process_special_hi.cpp .data expected 8, but starts at 4:0x00005584
[2/4] RUN configure.py
[1/11] LINK build\RSBE01_01\st_greenhill\st_greenhill.preplf
[2/11] LINK build\RSBE01_01\st_greenhill\st_greenhill.plf
### build\compilers\GC\3.0a5.2\mwldeppc.exe Linker Warning:
#   FORCEACTIVE symbol 'stGreenhill::create()' is either not a global symbol 
#   or doesn't exist.  Ignored.
[3/11] MWCC build\RSBE01_01\src\mo_stage\st_greenhill\st_greenhill.o
[4/11] REL
[5/11] CHECK config\RSBE01_01\binary-manifest.json
127 files OK
OK: 127/127 binaries verified
[6/11] REPORT
[7/11] PROGRESS
Progress:
  All: 1.31% matched, 1.11% linked (519 / 4409 files)
    Code: 206952 / 15833548 bytes (2741 / 92523 functions)
    Data: 834012 / 5667472 bytes (14.72%)
  DOL: 1.37% matched, 0.85% linked (65 / 1722 files)
    Code: 57172 / 4170064 bytes (511 / 14278 functions)
    Data: 6720 / 1724104 bytes (0.39%)
  Modules: 1.28% matched, 1.20% linked (454 / 2687 files)
    Code: 149780 / 11663484 bytes (2230 / 78245 functions)
    Data: 827292 / 3943368 bytes (20.98%)
