[1/2] SPLIT config\RSBE01_01\config.yml
 WARN Alignment for mo_fighter/ft_marth/ft_marth_status_uniq_process_special_hi.cpp .data expected 8, but starts at 4:0x00005584
[2/2] RUN configure.py
[1/9] LINK build\RSBE01_01\st_greenhill\st_greenhill.preplf
[2/9] LINK build\RSBE01_01\st_greenhill\st_greenhill.plf
[3/9] MWCC build\RSBE01_01\src\mo_stage\st_greenhill\st_greenhill.o
[4/9] REL
[5/9] CHECK config\RSBE01_01\binary-manifest.json
127 files OK
OK: 127/127 binaries verified
[6/9] REPORT
[7/9] PROGRESS
Progress:
  All: 1.33% matched, 1.11% linked (519 / 4409 files)
    Code: 210368 / 15833548 bytes (2797 / 92523 functions)
    Data: 835348 / 5667472 bytes (14.74%)
  DOL: 1.37% matched, 0.85% linked (65 / 1722 files)
    Code: 57172 / 4170064 bytes (511 / 14278 functions)
    Data: 6720 / 1724104 bytes (0.39%)
  Modules: 1.31% matched, 1.20% linked (454 / 2687 files)
    Code: 153196 / 11663484 bytes (2286 / 78245 functions)
    Data: 828628 / 3943368 bytes (21.01%)
