[1/2] SPLIT config\RSBE01_01\config.yml
 INFO Loading config\RSBE01_01\config.yml
 INFO Loading and analyzing 127 modules (using 16 threads)
 INFO Initial analysis completed in 47.279s (found 92523 functions)
 INFO Rebuilding relocations and splitting
 WARN module{name=ft_marth id=106}: Alignment for mo_fighter/ft_marth/ft_marth_status_uniq_process_special_hi.cpp .data expected 8, but starts at 4:0x00005584
 INFO Splitting completed in 5.301s (wrote 4403 objects)
 INFO Total time: 53.102s
[2/2] RUN configure.py
[1/8] LINK build\RSBE01_01\st_kart\st_kart.preplf
[2/8] LINK build\RSBE01_01\st_kart\st_kart.plf
[3/8] REL
 INFO Loading 127 modules
 INFO Symbol resolution completed in 0.206s (resolved 228353 symbols)
 INFO RELs written in 0.251s
 INFO Total time: 0.627s
[4/8] CHECK config\RSBE01_01\binary-manifest.json
127 files OK
OK: 127/127 binaries verified
[5/8] REPORT
 INFO Loading project .
 INFO Generating report for 4403 units (using 16 threads)
 INFO Report generated in 11.987s
 INFO Writing to build\RSBE01_01\report.json
[6/8] PROGRESS
Progress:
  All: 1.38% matched, 1.16% linked (521 / 4403 files)
    Code: 218624 / 15833548 bytes (2900 / 92523 functions)
    Data: 837600 / 5667464 bytes (14.78%)
  DOL: 1.37% matched, 0.85% linked (65 / 1722 files)
    Code: 57172 / 4170064 bytes (511 / 14278 functions)
    Data: 6720 / 1724104 bytes (0.39%)
  Modules: 1.38% matched, 1.27% linked (456 / 2681 files)
    Code: 161452 / 11663484 bytes (2389 / 78245 functions)
    Data: 830880 / 3943360 bytes (21.07%)
