Checkout: C:\Users\balla\Documents\Brawl Decompile\brawl (rsbe01_01-support)
$ C:\Users\balla\Documents\Brawl Decompile\.venv\Scripts\python.exe C:\Users\balla\Documents\Brawl Decompile\research\claude_tools\probe_source_rel.py ft_pit mo_fighter/ft_pit/ft_pit_status_uniq_process_special_s_revolve
Original: 182192 80e6015eb3c8df3c0e14783c1c6a48a5340e67a2
Source probe: 182192 80e6015eb3c8df3c0e14783c1c6a48a5340e67a2
Full REL byte match: True
PASS: full-REL probe for ft_pit (mo_fighter/ft_pit/ft_pit_status_uniq_process_special_s_revolve)
Checkout: C:\Users\balla\Documents\Brawl Decompile\brawl (rsbe01_01-support)
$ C:\Users\balla\Documents\Brawl Decompile\.venv\Scripts\python.exe C:\Users\balla\Documents\Brawl Decompile\research\claude_tools\probe_source_rel.py ft_ness mo_fighter/ft_ness/ft_ness_status_uniq_process_special_s
Original: 277192 e61788578d9f18bc36bfb7349c43826cdf4f34d8
Source probe: 277192 e61788578d9f18bc36bfb7349c43826cdf4f34d8
Full REL byte match: True
PASS: full-REL probe for ft_ness (mo_fighter/ft_ness/ft_ness_status_uniq_process_special_s)
Checkout: C:\Users\balla\Documents\Brawl Decompile\brawl (rsbe01_01-support)
$ C:\Users\balla\Documents\Brawl Decompile\.venv\Scripts\python.exe C:\Users\balla\Documents\Brawl Decompile\research\claude_tools\probe_source_rel.py ft_zelda mo_fighter/ft_zelda/ft_zelda_status_uniq_process_special_hi
Original: 282136 0ef622629357fdd9a0e8e4897a9ecf84d2f322ef
Source probe: 282136 0ef622629357fdd9a0e8e4897a9ecf84d2f322ef
Full REL byte match: True
PASS: full-REL probe for ft_zelda (mo_fighter/ft_zelda/ft_zelda_status_uniq_process_special_hi)
Checkout: C:\Users\balla\Documents\Brawl Decompile\brawl (rsbe01_01-support)
$ C:\Users\balla\Documents\Brawl Decompile\.venv\Scripts\python.exe C:\Users\balla\Documents\Brawl Decompile\research\claude_tools\probe_source_rel.py ft_zelda mo_fighter/ft_zelda/ft_zelda_status_uniq_process_special_hi2
Original: 282136 0ef622629357fdd9a0e8e4897a9ecf84d2f322ef
Source probe: 282136 0ef622629357fdd9a0e8e4897a9ecf84d2f322ef
Full REL byte match: True
PASS: full-REL probe for ft_zelda (mo_fighter/ft_zelda/ft_zelda_status_uniq_process_special_hi2)
Checkout: C:\Users\balla\Documents\Brawl Decompile\brawl (rsbe01_01-support)
$ C:\Users\balla\Documents\Brawl Decompile\.venv\Scripts\python.exe C:\Users\balla\Documents\Brawl Decompile\research\claude_tools\probe_source_rel.py ft_zelda mo_fighter/ft_zelda/ft_zelda_status_uniq_process_special_hi3
Original: 282136 0ef622629357fdd9a0e8e4897a9ecf84d2f322ef
Source probe: 282136 0ef622629357fdd9a0e8e4897a9ecf84d2f322ef
Full REL byte match: True
PASS: full-REL probe for ft_zelda (mo_fighter/ft_zelda/ft_zelda_status_uniq_process_special_hi3)
