[1/2] SPLIT config\RSBE01_01\config.yml
 WARN Alignment for mo_fighter/ft_marth/ft_marth_status_uniq_process_special_hi.cpp .data expected 8, but starts at 4:0x00005584
[2/2] RUN configure.py
[1/9] LINK build\RSBE01_01\st_dxyorster\st_dxyorster.preplf
[2/9] LINK build\RSBE01_01\st_dxyorster\st_dxyorster.plf
[3/9] MWCC build\RSBE01_01\src\mo_stage\st_dxyorster\st_dxyorster.o
[4/9] REL
[5/9] CHECK config\RSBE01_01\binary-manifest.json
127 files OK
OK: 127/127 binaries verified
[6/9] REPORT
[7/9] PROGRESS
Progress:
  All: 1.28% matched, 1.07% linked (517 / 4411 files)
    Code: 203204 / 15833548 bytes (2687 / 92524 functions)
    Data: 831524 / 5667480 bytes (14.67%)
  DOL: 1.37% matched, 0.85% linked (65 / 1722 files)
    Code: 57172 / 4170064 bytes (511 / 14278 functions)
    Data: 6720 / 1724104 bytes (0.39%)
  Modules: 1.25% matched, 1.15% linked (452 / 2689 files)
    Code: 146032 / 11663484 bytes (2176 / 78246 functions)
    Data: 824804 / 3943376 bytes (20.92%)
