data 8668..86A8 lbl_114_data_8668
	.4byte lbl_114_data_86DC
	.4byte 0x00000000
	.4byte fn_114_12CBC
	.4byte fn_114_12A0C
	.4byte fn_114_12BA4
	.4byte fn_114_1098C
	.4byte fn_114_109C0
	.4byte fn_114_109BC
	.4byte fn_114_109B8
	.4byte fn_114_109B4
	.4byte fn_114_109B0
	.4byte fn_114_109A8
	.4byte fn_114_109A4
	.4byte fn_114_1099C
	.4byte fn_114_10998
	.4byte fn_114_10990

data 86A8..86CE lbl_114_data_86A8
	.string "ftLucasStatusUniqProcessSpecialLwHold"

data 86CE..86D0 gap_04_000086CE_data
.hidden gap_04_000086CE_data
	.2byte 0x0000

data 86D0..86DC lbl_114_data_86D0
	.4byte lbl_114_data_81B0
	.4byte 0x00000000
	.4byte 0x00000000

data 86DC..86E8 lbl_114_data_86DC
	.4byte lbl_114_data_86A8
	.4byte lbl_114_data_86D0
	.4byte 0x00000000

text 12A0C..12B94 fn_114_12A0C
/* 00012A0C 00012AD8  94 21 FF C0 */	stwu r1, -0x40(r1)
/* 00012A10 00012ADC  7C 08 02 A6 */	mflr r0
/* 00012A14 00012AE0  90 01 00 44 */	stw r0, 0x44(r1)
/* 00012A18 00012AE4  39 61 00 40 */	addi r11, r1, 0x40
/* 00012A1C 00012AE8  48 00 E5 19 */	bl _savegpr_27
/* 00012A20 00012AEC  7C 9B 23 78 */	mr r27, r4
/* 00012A24 00012AF0  3F A0 00 00 */	lis r29, lbl_114_rodata_B0@ha
/* 00012A28 00012AF4  3B BD 00 00 */	addi r29, r29, lbl_114_rodata_B0@l
/* 00012A2C 00012AF8  80 64 00 D8 */	lwz r3, 0xd8(r4)
/* 00012A30 00012AFC  80 63 00 2C */	lwz r3, 0x2c(r3)
/* 00012A34 00012B00  38 80 00 00 */	li r4, 0x0
/* 00012A38 00012B04  38 A0 00 01 */	li r5, 0x1
/* 00012A3C 00012B08  38 C0 00 00 */	li r6, 0x0
/* 00012A40 00012B0C  81 83 00 00 */	lwz r12, 0x0(r3)
/* 00012A44 00012B10  81 8C 00 3C */	lwz r12, 0x3c(r12)
/* 00012A48 00012B14  7D 89 03 A6 */	mtctr r12
/* 00012A4C 00012B18  4E 80 04 21 */	bctrl
/* 00012A50 00012B1C  80 7B 00 D8 */	lwz r3, 0xd8(r27)
/* 00012A54 00012B20  80 63 00 64 */	lwz r3, 0x64(r3)
/* 00012A58 00012B24  3F C0 20 00 */	lis r30, 0x2000
/* 00012A5C 00012B28  38 9E 00 03 */	addi r4, r30, 0x3
/* 00012A60 00012B2C  81 83 00 00 */	lwz r12, 0x0(r3)
/* 00012A64 00012B30  81 8C 00 18 */	lwz r12, 0x18(r12)
/* 00012A68 00012B34  7D 89 03 A6 */	mtctr r12
/* 00012A6C 00012B38  4E 80 04 21 */	bctrl
/* 00012A70 00012B3C  2C 03 00 00 */	cmpwi r3, 0x0
/* 00012A74 00012B40  40 80 00 98 */	bge .L_00012B0C
/* 00012A78 00012B44  80 7B 00 D8 */	lwz r3, 0xd8(r27)
/* 00012A7C 00012B48  83 83 00 88 */	lwz r28, 0x88(r3)
/* 00012A80 00012B4C  38 61 00 10 */	addi r3, r1, 0x10
/* 00012A84 00012B50  C0 3D 00 00 */	lfs f1, 0x0(r29)
/* 00012A88 00012B54  FC 40 08 90 */	fmr f2, f1
/* 00012A8C 00012B58  FC 60 08 90 */	fmr f3, f1
/* 00012A90 00012B5C  48 00 01 05 */	bl fn_114_12B94
/* 00012A94 00012B60  7C 7F 1B 78 */	mr r31, r3
/* 00012A98 00012B64  38 61 00 1C */	addi r3, r1, 0x1c
/* 00012A9C 00012B68  C0 3D 00 00 */	lfs f1, 0x0(r29)
/* 00012AA0 00012B6C  C0 5D 00 04 */	lfs f2, 0x4(r29)
/* 00012AA4 00012B70  C0 7D 00 08 */	lfs f3, 0x8(r29)
/* 00012AA8 00012B74  48 00 00 ED */	bl fn_114_12B94
/* 00012AAC 00012B78  7C 66 1B 78 */	mr r6, r3
/* 00012AB0 00012B7C  38 00 FF FF */	li r0, -0x1
/* 00012AB4 00012B80  90 01 00 08 */	stw r0, 0x8(r1)
/* 00012AB8 00012B84  7F 83 E3 78 */	mr r3, r28
/* 00012ABC 00012B88  3C 80 00 1B */	lis r4, 0x1b
/* 00012AC0 00012B8C  38 84 00 0F */	addi r4, r4, 0xf
/* 00012AC4 00012B90  38 A0 00 02 */	li r5, 0x2
/* 00012AC8 00012B94  7F E7 FB 78 */	mr r7, r31
/* 00012ACC 00012B98  C0 3D 00 0C */	lfs f1, 0xc(r29)
/* 00012AD0 00012B9C  39 00 00 00 */	li r8, 0x0
/* 00012AD4 00012BA0  39 20 00 00 */	li r9, 0x0
/* 00012AD8 00012BA4  39 40 00 00 */	li r10, 0x0
/* 00012ADC 00012BA8  81 9C 00 00 */	lwz r12, 0x0(r28)
/* 00012AE0 00012BAC  81 8C 00 34 */	lwz r12, 0x34(r12)
/* 00012AE4 00012BB0  7D 89 03 A6 */	mtctr r12
/* 00012AE8 00012BB4  4E 80 04 21 */	bctrl
/* 00012AEC 00012BB8  7C 64 1B 78 */	mr r4, r3
/* 00012AF0 00012BBC  80 7B 00 D8 */	lwz r3, 0xd8(r27)
/* 00012AF4 00012BC0  80 63 00 64 */	lwz r3, 0x64(r3)
/* 00012AF8 00012BC4  38 BE 00 03 */	addi r5, r30, 0x3
/* 00012AFC 00012BC8  81 83 00 00 */	lwz r12, 0x0(r3)
/* 00012B00 00012BCC  81 8C 00 1C */	lwz r12, 0x1c(r12)
/* 00012B04 00012BD0  7D 89 03 A6 */	mtctr r12
/* 00012B08 00012BD4  4E 80 04 21 */	bctrl
.L_00012B0C:
/* 00012B0C 00012BD8  80 7B 00 D8 */	lwz r3, 0xd8(r27)
/* 00012B10 00012BDC  80 63 00 64 */	lwz r3, 0x64(r3)
/* 00012B14 00012BE0  3F E0 20 00 */	lis r31, 0x2000
/* 00012B18 00012BE4  38 9F 00 02 */	addi r4, r31, 0x2
/* 00012B1C 00012BE8  81 83 00 00 */	lwz r12, 0x0(r3)
/* 00012B20 00012BEC  81 8C 00 18 */	lwz r12, 0x18(r12)
/* 00012B24 00012BF0  7D 89 03 A6 */	mtctr r12
/* 00012B28 00012BF4  4E 80 04 21 */	bctrl
/* 00012B2C 00012BF8  2C 03 00 00 */	cmpwi r3, 0x0
/* 00012B30 00012BFC  40 80 00 4C */	bge .L_00012B7C
/* 00012B34 00012C00  80 7B 00 D8 */	lwz r3, 0xd8(r27)
/* 00012B38 00012C04  80 63 00 50 */	lwz r3, 0x50(r3)
/* 00012B3C 00012C08  38 80 14 50 */	li r4, 0x1450
/* 00012B40 00012C0C  38 A0 00 01 */	li r5, 0x1
/* 00012B44 00012C10  38 C0 00 00 */	li r6, 0x0
/* 00012B48 00012C14  38 E0 00 00 */	li r7, 0x0
/* 00012B4C 00012C18  81 83 00 00 */	lwz r12, 0x0(r3)
/* 00012B50 00012C1C  81 8C 00 1C */	lwz r12, 0x1c(r12)
/* 00012B54 00012C20  7D 89 03 A6 */	mtctr r12
/* 00012B58 00012C24  4E 80 04 21 */	bctrl
/* 00012B5C 00012C28  7C 64 1B 78 */	mr r4, r3
/* 00012B60 00012C2C  80 7B 00 D8 */	lwz r3, 0xd8(r27)
/* 00012B64 00012C30  80 63 00 64 */	lwz r3, 0x64(r3)
/* 00012B68 00012C34  38 BF 00 02 */	addi r5, r31, 0x2
/* 00012B6C 00012C38  81 83 00 00 */	lwz r12, 0x0(r3)
/* 00012B70 00012C3C  81 8C 00 1C */	lwz r12, 0x1c(r12)
/* 00012B74 00012C40  7D 89 03 A6 */	mtctr r12
/* 00012B78 00012C44  4E 80 04 21 */	bctrl
.L_00012B7C:
/* 00012B7C 00012C48  39 61 00 40 */	addi r11, r1, 0x40
/* 00012B80 00012C4C  48 00 E3 B5 */	bl _restgpr_27
/* 00012B84 00012C50  80 01 00 44 */	lwz r0, 0x44(r1)
/* 00012B88 00012C54  7C 08 03 A6 */	mtlr r0
/* 00012B8C 00012C58  38 21 00 40 */	addi r1, r1, 0x40
/* 00012B90 00012C5C  4E 80 00 20 */	blr

text 12B94..12BA4 fn_114_12B94
/* 00012B94 00012C60  D0 23 00 00 */	stfs f1, 0x0(r3)
/* 00012B98 00012C64  D0 43 00 04 */	stfs f2, 0x4(r3)
/* 00012B9C 00012C68  D0 63 00 08 */	stfs f3, 0x8(r3)
/* 00012BA0 00012C6C  4E 80 00 20 */	blr

text 12BA4..12CBC fn_114_12BA4
/* 00012BA4 00012C70  94 21 FF F0 */	stwu r1, -0x10(r1)
/* 00012BA8 00012C74  7C 08 02 A6 */	mflr r0
/* 00012BAC 00012C78  90 01 00 14 */	stw r0, 0x14(r1)
/* 00012BB0 00012C7C  93 E1 00 0C */	stw r31, 0xc(r1)
/* 00012BB4 00012C80  93 C1 00 08 */	stw r30, 0x8(r1)
/* 00012BB8 00012C84  7C 9E 23 78 */	mr r30, r4
/* 00012BBC 00012C88  2C 05 01 1F */	cmpwi r5, 0x11f
/* 00012BC0 00012C8C  41 82 00 E4 */	beq .L_00012CA4
/* 00012BC4 00012C90  2C 05 01 20 */	cmpwi r5, 0x120
/* 00012BC8 00012C94  41 82 00 DC */	beq .L_00012CA4
/* 00012BCC 00012C98  80 64 00 D8 */	lwz r3, 0xd8(r4)
/* 00012BD0 00012C9C  80 63 00 64 */	lwz r3, 0x64(r3)
/* 00012BD4 00012CA0  3C 80 20 00 */	lis r4, 0x2000
/* 00012BD8 00012CA4  38 84 00 03 */	addi r4, r4, 0x3
/* 00012BDC 00012CA8  81 83 00 00 */	lwz r12, 0x0(r3)
/* 00012BE0 00012CAC  81 8C 00 18 */	lwz r12, 0x18(r12)
/* 00012BE4 00012CB0  7D 89 03 A6 */	mtctr r12
/* 00012BE8 00012CB4  4E 80 04 21 */	bctrl
/* 00012BEC 00012CB8  7C 64 1B 78 */	mr r4, r3
/* 00012BF0 00012CBC  2C 03 00 00 */	cmpwi r3, 0x0
/* 00012BF4 00012CC0  41 80 00 24 */	blt .L_00012C18
/* 00012BF8 00012CC4  80 7E 00 D8 */	lwz r3, 0xd8(r30)
/* 00012BFC 00012CC8  80 63 00 88 */	lwz r3, 0x88(r3)
/* 00012C00 00012CCC  38 A0 00 01 */	li r5, 0x1
/* 00012C04 00012CD0  7C A6 2B 78 */	mr r6, r5
/* 00012C08 00012CD4  81 83 00 00 */	lwz r12, 0x0(r3)
/* 00012C0C 00012CD8  81 8C 00 60 */	lwz r12, 0x60(r12)
/* 00012C10 00012CDC  7D 89 03 A6 */	mtctr r12
/* 00012C14 00012CE0  4E 80 04 21 */	bctrl
.L_00012C18:
/* 00012C18 00012CE4  80 7E 00 D8 */	lwz r3, 0xd8(r30)
/* 00012C1C 00012CE8  80 63 00 64 */	lwz r3, 0x64(r3)
/* 00012C20 00012CEC  38 80 FF FF */	li r4, -0x1
/* 00012C24 00012CF0  3F E0 20 00 */	lis r31, 0x2000
/* 00012C28 00012CF4  38 BF 00 03 */	addi r5, r31, 0x3
/* 00012C2C 00012CF8  81 83 00 00 */	lwz r12, 0x0(r3)
/* 00012C30 00012CFC  81 8C 00 1C */	lwz r12, 0x1c(r12)
/* 00012C34 00012D00  7D 89 03 A6 */	mtctr r12
/* 00012C38 00012D04  4E 80 04 21 */	bctrl
/* 00012C3C 00012D08  80 7E 00 D8 */	lwz r3, 0xd8(r30)
/* 00012C40 00012D0C  80 63 00 64 */	lwz r3, 0x64(r3)
/* 00012C44 00012D10  38 9F 00 02 */	addi r4, r31, 0x2
/* 00012C48 00012D14  81 83 00 00 */	lwz r12, 0x0(r3)
/* 00012C4C 00012D18  81 8C 00 18 */	lwz r12, 0x18(r12)
/* 00012C50 00012D1C  7D 89 03 A6 */	mtctr r12
/* 00012C54 00012D20  4E 80 04 21 */	bctrl
/* 00012C58 00012D24  7C 64 1B 78 */	mr r4, r3
/* 00012C5C 00012D28  2C 03 00 00 */	cmpwi r3, 0x0
/* 00012C60 00012D2C  41 80 00 20 */	blt .L_00012C80
/* 00012C64 00012D30  80 7E 00 D8 */	lwz r3, 0xd8(r30)
/* 00012C68 00012D34  80 63 00 50 */	lwz r3, 0x50(r3)
/* 00012C6C 00012D38  38 A0 00 00 */	li r5, 0x0
/* 00012C70 00012D3C  81 83 00 00 */	lwz r12, 0x0(r3)
/* 00012C74 00012D40  81 8C 00 58 */	lwz r12, 0x58(r12)
/* 00012C78 00012D44  7D 89 03 A6 */	mtctr r12
/* 00012C7C 00012D48  4E 80 04 21 */	bctrl
.L_00012C80:
/* 00012C80 00012D4C  80 7E 00 D8 */	lwz r3, 0xd8(r30)
/* 00012C84 00012D50  80 63 00 64 */	lwz r3, 0x64(r3)
/* 00012C88 00012D54  38 80 FF FF */	li r4, -0x1
/* 00012C8C 00012D58  3C A0 20 00 */	lis r5, 0x2000
/* 00012C90 00012D5C  38 A5 00 02 */	addi r5, r5, 0x2
/* 00012C94 00012D60  81 83 00 00 */	lwz r12, 0x0(r3)
/* 00012C98 00012D64  81 8C 00 1C */	lwz r12, 0x1c(r12)
/* 00012C9C 00012D68  7D 89 03 A6 */	mtctr r12
/* 00012CA0 00012D6C  4E 80 04 21 */	bctrl
.L_00012CA4:
/* 00012CA4 00012D70  83 E1 00 0C */	lwz r31, 0xc(r1)
/* 00012CA8 00012D74  83 C1 00 08 */	lwz r30, 0x8(r1)
/* 00012CAC 00012D78  80 01 00 14 */	lwz r0, 0x14(r1)
/* 00012CB0 00012D7C  7C 08 03 A6 */	mtlr r0
/* 00012CB4 00012D80  38 21 00 10 */	addi r1, r1, 0x10
/* 00012CB8 00012D84  4E 80 00 20 */	blr


