data 85F0..8630 lbl_114_data_85F0
	.4byte lbl_114_data_8660
	.4byte 0x00000000
	.4byte fn_114_12974
	.4byte fn_114_12800
	.4byte fn_114_10A04
	.4byte fn_114_1098C
	.4byte fn_114_109C0
	.4byte fn_114_109BC
	.4byte fn_114_109B8
	.4byte fn_114_109B4
	.4byte fn_114_109B0
	.4byte fn_114_109A8
	.4byte fn_114_109A4
	.4byte fn_114_1099C
	.4byte fn_114_10998
	.4byte fn_114_10990

data 8630..8652 lbl_114_data_8630
	.string "ftLucasStatusUniqProcessSpecialLw"

data 8652..8654 gap_04_00008652_data
.hidden gap_04_00008652_data
	.2byte 0x0000

data 8654..8660 lbl_114_data_8654
	.4byte lbl_114_data_81B0
	.4byte 0x00000000
	.4byte 0x00000000

data 8660..8668 lbl_114_data_8660
	.4byte lbl_114_data_8630
	.4byte lbl_114_data_8654

text 12800..12974 fn_114_12800
/* 00012800 000128CC  94 21 FF D0 */	stwu r1, -0x30(r1)
/* 00012804 000128D0  7C 08 02 A6 */	mflr r0
/* 00012808 000128D4  90 01 00 34 */	stw r0, 0x34(r1)
/* 0001280C 000128D8  39 61 00 30 */	addi r11, r1, 0x30
/* 00012810 000128DC  48 00 E7 25 */	bl _savegpr_28
/* 00012814 000128E0  7C 9C 23 78 */	mr r28, r4
/* 00012818 000128E4  80 64 00 D8 */	lwz r3, 0xd8(r4)
/* 0001281C 000128E8  80 63 00 14 */	lwz r3, 0x14(r3)
/* 00012820 000128EC  81 83 00 00 */	lwz r12, 0x0(r3)
/* 00012824 000128F0  81 8C 00 14 */	lwz r12, 0x14(r12)
/* 00012828 000128F4  7D 89 03 A6 */	mtctr r12
/* 0001282C 000128F8  4E 80 04 21 */	bctrl
/* 00012830 000128FC  2C 03 00 02 */	cmpwi r3, 0x2
/* 00012834 00012900  40 82 00 E4 */	bne .L_00012918
/* 00012838 00012904  80 7C 00 D8 */	lwz r3, 0xd8(r28)
/* 0001283C 00012908  83 E3 00 7C */	lwz r31, 0x7c(r3)
/* 00012840 0001290C  80 7C 00 08 */	lwz r3, 0x8(r28)
/* 00012844 00012910  4B FF 86 59 */	bl fn_114_AE9C
/* 00012848 00012914  83 C3 00 0C */	lwz r30, 0xc(r3)
/* 0001284C 00012918  7F E3 FB 78 */	mr r3, r31
/* 00012850 0001291C  38 80 00 03 */	li r4, 0x3
/* 00012854 00012920  81 9F 00 00 */	lwz r12, 0x0(r31)
/* 00012858 00012924  81 8C 00 20 */	lwz r12, 0x20(r12)
/* 0001285C 00012928  7D 89 03 A6 */	mtctr r12
/* 00012860 0001292C  4E 80 04 21 */	bctrl
/* 00012864 00012930  38 80 00 00 */	li r4, 0x0
/* 00012868 00012934  3C A0 00 00 */	lis r5, lbl_114_data_8040@ha
/* 0001286C 00012938  38 A5 00 00 */	addi r5, r5, lbl_114_data_8040@l
/* 00012870 0001293C  3C C0 00 00 */	lis r6, lbl_114_data_31DC@ha
/* 00012874 00012940  38 C6 00 00 */	addi r6, r6, lbl_114_data_31DC@l
/* 00012878 00012944  38 00 00 01 */	li r0, 0x1
/* 0001287C 00012948  7C 07 07 34 */	extsh r7, r0
/* 00012880 0001294C  48 00 E6 B5 */	bl __dynamic_cast
/* 00012884 00012950  7C 7D 1B 78 */	mr r29, r3
/* 00012888 00012954  81 83 00 00 */	lwz r12, 0x0(r3)
/* 0001288C 00012958  81 8C 00 10 */	lwz r12, 0x10(r12)
/* 00012890 0001295C  7D 89 03 A6 */	mtctr r12
/* 00012894 00012960  4E 80 04 21 */	bctrl
/* 00012898 00012964  90 81 00 0C */	stw r4, 0xc(r1)
/* 0001289C 00012968  90 61 00 08 */	stw r3, 0x8(r1)
/* 000128A0 0001296C  90 61 00 10 */	stw r3, 0x10(r1)
/* 000128A4 00012970  90 81 00 14 */	stw r4, 0x14(r1)
/* 000128A8 00012974  C0 21 00 10 */	lfs f1, 0x10(r1)
/* 000128AC 00012978  C0 1E 00 0C */	lfs f0, 0xc(r30)
/* 000128B0 0001297C  EC 01 00 32 */	fmuls f0, f1, f0
/* 000128B4 00012980  D0 01 00 10 */	stfs f0, 0x10(r1)
/* 000128B8 00012984  FC 00 00 18 */	frsp f0, f0
/* 000128BC 00012988  D0 1D 00 08 */	stfs f0, 0x8(r29)
/* 000128C0 0001298C  C0 01 00 14 */	lfs f0, 0x14(r1)
/* 000128C4 00012990  D0 1D 00 0C */	stfs f0, 0xc(r29)
/* 000128C8 00012994  7F E3 FB 78 */	mr r3, r31
/* 000128CC 00012998  38 80 00 01 */	li r4, 0x1
/* 000128D0 0001299C  81 9F 00 00 */	lwz r12, 0x0(r31)
/* 000128D4 000129A0  81 8C 00 20 */	lwz r12, 0x20(r12)
/* 000128D8 000129A4  7D 89 03 A6 */	mtctr r12
/* 000128DC 000129A8  4E 80 04 21 */	bctrl
/* 000128E0 000129AC  81 83 00 00 */	lwz r12, 0x0(r3)
/* 000128E4 000129B0  81 8C 00 20 */	lwz r12, 0x20(r12)
/* 000128E8 000129B4  7D 89 03 A6 */	mtctr r12
/* 000128EC 000129B8  4E 80 04 21 */	bctrl
/* 000128F0 000129BC  7F E3 FB 78 */	mr r3, r31
/* 000128F4 000129C0  38 80 00 00 */	li r4, 0x0
/* 000128F8 000129C4  81 9F 00 00 */	lwz r12, 0x0(r31)
/* 000128FC 000129C8  81 8C 00 20 */	lwz r12, 0x20(r12)
/* 00012900 000129CC  7D 89 03 A6 */	mtctr r12
/* 00012904 000129D0  4E 80 04 21 */	bctrl
/* 00012908 000129D4  81 83 00 00 */	lwz r12, 0x0(r3)
/* 0001290C 000129D8  81 8C 00 20 */	lwz r12, 0x20(r12)
/* 00012910 000129DC  7D 89 03 A6 */	mtctr r12
/* 00012914 000129E0  4E 80 04 21 */	bctrl
.L_00012918:
/* 00012918 000129E4  80 7C 00 D8 */	lwz r3, 0xd8(r28)
/* 0001291C 000129E8  80 63 00 64 */	lwz r3, 0x64(r3)
/* 00012920 000129EC  38 80 FF FF */	li r4, -0x1
/* 00012924 000129F0  3F E0 20 00 */	lis r31, 0x2000
/* 00012928 000129F4  38 BF 00 02 */	addi r5, r31, 0x2
/* 0001292C 000129F8  81 83 00 00 */	lwz r12, 0x0(r3)
/* 00012930 000129FC  81 8C 00 1C */	lwz r12, 0x1c(r12)
/* 00012934 00012A00  7D 89 03 A6 */	mtctr r12
/* 00012938 00012A04  4E 80 04 21 */	bctrl
/* 0001293C 00012A08  80 7C 00 D8 */	lwz r3, 0xd8(r28)
/* 00012940 00012A0C  80 63 00 64 */	lwz r3, 0x64(r3)
/* 00012944 00012A10  38 80 FF FF */	li r4, -0x1
/* 00012948 00012A14  38 BF 00 03 */	addi r5, r31, 0x3
/* 0001294C 00012A18  81 83 00 00 */	lwz r12, 0x0(r3)
/* 00012950 00012A1C  81 8C 00 1C */	lwz r12, 0x1c(r12)
/* 00012954 00012A20  7D 89 03 A6 */	mtctr r12
/* 00012958 00012A24  4E 80 04 21 */	bctrl
/* 0001295C 00012A28  39 61 00 30 */	addi r11, r1, 0x30
/* 00012960 00012A2C  48 00 E5 D5 */	bl _restgpr_28
/* 00012964 00012A30  80 01 00 34 */	lwz r0, 0x34(r1)
/* 00012968 00012A34  7C 08 03 A6 */	mtlr r0
/* 0001296C 00012A38  38 21 00 30 */	addi r1, r1, 0x30
/* 00012970 00012A3C  4E 80 00 20 */	blr


