data 8570..85B0 lbl_114_data_8570
	.4byte lbl_114_data_85E8
	.4byte 0x00000000
	.4byte fn_114_12768
	.4byte fn_114_10A08
	.4byte fn_114_126F4
	.4byte fn_114_1098C
	.4byte fn_114_109C0
	.4byte fn_114_109BC
	.4byte fn_114_109B8
	.4byte fn_114_109B4
	.4byte fn_114_109B0
	.4byte fn_114_109A8
	.4byte fn_114_109A4
	.4byte fn_114_1099C
	.4byte fn_114_10998
	.4byte fn_114_10990

data 85B0..85D9 lbl_114_data_85B0
	.string "ftLucasStatusUniqProcessSpecialHiReflect"

data 85D9..85DC gap_04_000085D9_data
.hidden gap_04_000085D9_data
	.byte 0x00, 0x00, 0x00

data 85DC..85E8 lbl_114_data_85DC
	.4byte lbl_114_data_81B0
	.4byte 0x00000000
	.4byte 0x00000000

data 85E8..85F0 lbl_114_data_85E8
	.4byte lbl_114_data_85B0
	.4byte lbl_114_data_85DC

text 126F4..12768 fn_114_126F4
/* 000126F4 000127C0  94 21 FF F0 */	stwu r1, -0x10(r1)
/* 000126F8 000127C4  7C 08 02 A6 */	mflr r0
/* 000126FC 000127C8  90 01 00 14 */	stw r0, 0x14(r1)
/* 00012700 000127CC  93 E1 00 0C */	stw r31, 0xc(r1)
/* 00012704 000127D0  7C 9F 23 78 */	mr r31, r4
/* 00012708 000127D4  2C 05 00 10 */	cmpwi r5, 0x10
/* 0001270C 000127D8  40 82 00 48 */	bne .L_00012754
/* 00012710 000127DC  3C 60 00 00 */	lis r3, g_ftCommonDataAccesser@ha
/* 00012714 000127E0  38 63 00 00 */	addi r3, r3, g_ftCommonDataAccesser@l
/* 00012718 000127E4  38 80 00 1A */	li r4, 0x1a
/* 0001271C 000127E8  48 00 E8 19 */	bl getData__20ftCommonDataAccesserCF6ftKind
/* 00012720 000127EC  80 63 00 84 */	lwz r3, 0x84(r3)
/* 00012724 000127F0  C0 23 00 2C */	lfs f1, 0x2c(r3)
/* 00012728 000127F4  3C 60 00 00 */	lis r3, lbl_114_rodata_A8@ha
/* 0001272C 000127F8  C0 03 00 00 */	lfs f0, lbl_114_rodata_A8@l(r3)
/* 00012730 000127FC  FC 01 00 40 */	fcmpo cr0, f1, f0
/* 00012734 00012800  40 81 00 20 */	ble .L_00012754
/* 00012738 00012804  80 7F 00 D8 */	lwz r3, 0xd8(r31)
/* 0001273C 00012808  80 63 00 64 */	lwz r3, 0x64(r3)
/* 00012740 0001280C  3C 80 11 00 */	lis r4, 0x1100
/* 00012744 00012810  81 83 00 00 */	lwz r12, 0x0(r3)
/* 00012748 00012814  81 8C 00 3C */	lwz r12, 0x3c(r12)
/* 0001274C 00012818  7D 89 03 A6 */	mtctr r12
/* 00012750 0001281C  4E 80 04 21 */	bctrl
.L_00012754:
/* 00012754 00012820  83 E1 00 0C */	lwz r31, 0xc(r1)
/* 00012758 00012824  80 01 00 14 */	lwz r0, 0x14(r1)
/* 0001275C 00012828  7C 08 03 A6 */	mtlr r0
/* 00012760 0001282C  38 21 00 10 */	addi r1, r1, 0x10
/* 00012764 00012830  4E 80 00 20 */	blr

text 12768..127A8 fn_114_12768
/* 00012768 00012834  94 21 FF F0 */	stwu r1, -0x10(r1)
/* 0001276C 00012838  7C 08 02 A6 */	mflr r0
/* 00012770 0001283C  90 01 00 14 */	stw r0, 0x14(r1)
/* 00012774 00012840  93 E1 00 0C */	stw r31, 0xc(r1)
/* 00012778 00012844  7C 7F 1B 78 */	mr r31, r3
/* 0001277C 00012848  2C 03 00 00 */	cmpwi r3, 0x0
/* 00012780 0001284C  41 82 00 10 */	beq .L_00012790
/* 00012784 00012850  7C 80 07 35 */	extsh. r0, r4
/* 00012788 00012854  40 81 00 08 */	ble .L_00012790
/* 0001278C 00012858  48 00 E7 A9 */	bl __dl__FPv
.L_00012790:
/* 00012790 0001285C  7F E3 FB 78 */	mr r3, r31
/* 00012794 00012860  83 E1 00 0C */	lwz r31, 0xc(r1)
/* 00012798 00012864  80 01 00 14 */	lwz r0, 0x14(r1)
/* 0001279C 00012868  7C 08 03 A6 */	mtlr r0
/* 000127A0 0001286C  38 21 00 10 */	addi r1, r1, 0x10
/* 000127A4 00012870  4E 80 00 20 */	blr

text 127A8..127F0 fn_114_127A8
/* 000127A8 00012874  94 21 FF F0 */	stwu r1, -0x10(r1)
/* 000127AC 00012878  7C 08 02 A6 */	mflr r0
/* 000127B0 0001287C  90 01 00 14 */	stw r0, 0x14(r1)
/* 000127B4 00012880  93 E1 00 0C */	stw r31, 0xc(r1)
/* 000127B8 00012884  3F E0 00 00 */	lis r31, lbl_114_bss_23C@ha
/* 000127BC 00012888  38 7F 00 00 */	addi r3, r31, lbl_114_bss_23C@l
/* 000127C0 0001288C  48 00 00 31 */	bl fn_114_127F0
/* 000127C4 00012890  38 7F 00 00 */	addi r3, r31, lbl_114_bss_23C@l
/* 000127C8 00012894  3C 80 00 00 */	lis r4, fn_114_12768@ha
/* 000127CC 00012898  38 84 00 00 */	addi r4, r4, fn_114_12768@l
/* 000127D0 0001289C  3C A0 00 00 */	lis r5, lbl_114_bss_230@ha
/* 000127D4 000128A0  38 A5 00 00 */	addi r5, r5, lbl_114_bss_230@l
/* 000127D8 000128A4  4B FE D8 29 */	bl __register_global_object
/* 000127DC 000128A8  83 E1 00 0C */	lwz r31, 0xc(r1)
/* 000127E0 000128AC  80 01 00 14 */	lwz r0, 0x14(r1)
/* 000127E4 000128B0  7C 08 03 A6 */	mtlr r0
/* 000127E8 000128B4  38 21 00 10 */	addi r1, r1, 0x10
/* 000127EC 000128B8  4E 80 00 20 */	blr

text 127F0..12800 fn_114_127F0
/* 000127F0 000128BC  3C 80 00 00 */	lis r4, lbl_114_data_8570@ha
/* 000127F4 000128C0  38 84 00 00 */	addi r4, r4, lbl_114_data_8570@l
/* 000127F8 000128C4  90 83 00 00 */	stw r4, 0x0(r3)
/* 000127FC 000128C8  4E 80 00 20 */	blr


