data 88F0..8930 lbl_101_data_88F0
	.4byte lbl_101_data_8964
	.4byte 0x00000000
	.4byte fn_101_11344
	.4byte fn_101_11034
	.4byte exitStatus__19soStatusUniqProcessFP16soModuleAccesseri
	.4byte execStatus__19soStatusUniqProcessFP16soModuleAccesser
	.4byte execStop__19soStatusUniqProcessFP16soModuleAccesser
	.4byte execMapCorrection__19soStatusUniqProcessFP16soModuleAccesser
	.4byte execFixPosCounter__19soStatusUniqProcessFP16soModuleAccesser
	.4byte fn_101_1127C
	.4byte execFixCamera__19soStatusUniqProcessFP16soModuleAccesser
	.4byte checkDamage__19soStatusUniqProcessFP16soModuleAccesserPv
	.4byte checkAttack__19soStatusUniqProcessFP16soModuleAccesserPvf
	.4byte onChangeLr__19soStatusUniqProcessFP16soModuleAccesserff
	.4byte leaveStop__19soStatusUniqProcessFP16soModuleAccesserib
	.4byte checkTransitionPrecede__19soStatusUniqProcessFP16soModuleAccesserPi

data 8930..8956 lbl_101_data_8930
	.string "ftNessStatusUniqProcessAttackHi4Start"

data 8956..8958 gap_04_00008956_data
.hidden gap_04_00008956_data
	.2byte 0x0000

data 8958..8964 lbl_101_data_8958
	.4byte __RTTI__19soStatusUniqProcess
	.4byte 0x00000000
	.4byte 0x00000000

data 8964..896C lbl_101_data_8964
	.4byte lbl_101_data_8930
	.4byte lbl_101_data_8958

data 896C..8980 lbl_101_data_896C
	.string "soStatusUniqProcess"

data 8980..8988 __RTTI__19soStatusUniqProcess
	.4byte lbl_101_data_896C
	.4byte 0x00000000

text 11034..11260 fn_101_11034
/* 00011034 00011100  94 21 FF C0 */	stwu r1, -0x40(r1)
/* 00011038 00011104  7C 08 02 A6 */	mflr r0
/* 0001103C 00011108  90 01 00 44 */	stw r0, 0x44(r1)
/* 00011040 0001110C  39 61 00 40 */	addi r11, r1, 0x40
/* 00011044 00011110  48 01 3B 75 */	bl _savegpr_28
/* 00011048 00011114  7C 9C 23 78 */	mr r28, r4
/* 0001104C 00011118  80 64 00 D8 */	lwz r3, 0xd8(r4)
/* 00011050 0001111C  80 63 00 70 */	lwz r3, 0x70(r3)
/* 00011054 00011120  81 83 00 00 */	lwz r12, 0x0(r3)
/* 00011058 00011124  81 8C 00 48 */	lwz r12, 0x48(r12)
/* 0001105C 00011128  7D 89 03 A6 */	mtctr r12
/* 00011060 0001112C  4E 80 04 21 */	bctrl
/* 00011064 00011130  2C 03 00 30 */	cmpwi r3, 0x30
/* 00011068 00011134  41 82 00 0C */	beq .L_00011074
/* 0001106C 00011138  2C 03 00 2D */	cmpwi r3, 0x2d
/* 00011070 0001113C  40 82 01 D8 */	bne .L_00011248
.L_00011074:
/* 00011074 00011140  80 7C 00 D8 */	lwz r3, 0xd8(r28)
/* 00011078 00011144  83 E3 00 84 */	lwz r31, 0x84(r3)
/* 0001107C 00011148  83 C3 00 54 */	lwz r30, 0x54(r3)
/* 00011080 0001114C  7F E3 FB 78 */	mr r3, r31
/* 00011084 00011150  38 80 00 05 */	li r4, 0x5
/* 00011088 00011154  38 A0 00 00 */	li r5, 0x0
/* 0001108C 00011158  7C A6 2B 78 */	mr r6, r5
/* 00011090 0001115C  81 9F 00 00 */	lwz r12, 0x0(r31)
/* 00011094 00011160  81 8C 00 14 */	lwz r12, 0x14(r12)
/* 00011098 00011164  7D 89 03 A6 */	mtctr r12
/* 0001109C 00011168  4E 80 04 21 */	bctrl
/* 000110A0 0001116C  7C 7D 1B 78 */	mr r29, r3
/* 000110A4 00011170  81 83 00 00 */	lwz r12, 0x0(r3)
/* 000110A8 00011174  81 8C 00 08 */	lwz r12, 0x8(r12)
/* 000110AC 00011178  7D 89 03 A6 */	mtctr r12
/* 000110B0 0001117C  4E 80 04 21 */	bctrl
/* 000110B4 00011180  2C 03 00 00 */	cmpwi r3, 0x0
/* 000110B8 00011184  40 82 00 1C */	bne .L_000110D4
/* 000110BC 00011188  7F E3 FB 78 */	mr r3, r31
/* 000110C0 0001118C  7F A4 EB 78 */	mr r4, r29
/* 000110C4 00011190  81 9F 00 00 */	lwz r12, 0x0(r31)
/* 000110C8 00011194  81 8C 00 3C */	lwz r12, 0x3c(r12)
/* 000110CC 00011198  7D 89 03 A6 */	mtctr r12
/* 000110D0 0001119C  4E 80 04 21 */	bctrl
.L_000110D4:
/* 000110D4 000111A0  7F E3 FB 78 */	mr r3, r31
/* 000110D8 000111A4  38 80 00 04 */	li r4, 0x4
/* 000110DC 000111A8  38 A0 00 00 */	li r5, 0x0
/* 000110E0 000111AC  7C A6 2B 78 */	mr r6, r5
/* 000110E4 000111B0  81 9F 00 00 */	lwz r12, 0x0(r31)
/* 000110E8 000111B4  81 8C 00 14 */	lwz r12, 0x14(r12)
/* 000110EC 000111B8  7D 89 03 A6 */	mtctr r12
/* 000110F0 000111BC  4E 80 04 21 */	bctrl
/* 000110F4 000111C0  7C 7C 1B 78 */	mr r28, r3
/* 000110F8 000111C4  81 83 00 00 */	lwz r12, 0x0(r3)
/* 000110FC 000111C8  81 8C 00 08 */	lwz r12, 0x8(r12)
/* 00011100 000111CC  7D 89 03 A6 */	mtctr r12
/* 00011104 000111D0  4E 80 04 21 */	bctrl
/* 00011108 000111D4  2C 03 00 00 */	cmpwi r3, 0x0
/* 0001110C 000111D8  40 82 00 1C */	bne .L_00011128
/* 00011110 000111DC  7F E3 FB 78 */	mr r3, r31
/* 00011114 000111E0  7F 84 E3 78 */	mr r4, r28
/* 00011118 000111E4  81 9F 00 00 */	lwz r12, 0x0(r31)
/* 0001111C 000111E8  81 8C 00 3C */	lwz r12, 0x3c(r12)
/* 00011120 000111EC  7D 89 03 A6 */	mtctr r12
/* 00011124 000111F0  4E 80 04 21 */	bctrl
.L_00011128:
/* 00011128 000111F4  7F 83 E3 78 */	mr r3, r28
/* 0001112C 000111F8  81 9C 00 00 */	lwz r12, 0x0(r28)
/* 00011130 000111FC  81 8C 00 28 */	lwz r12, 0x28(r12)
/* 00011134 00011200  7D 89 03 A6 */	mtctr r12
/* 00011138 00011204  4E 80 04 21 */	bctrl
/* 0001113C 00011208  7C 64 1B 78 */	mr r4, r3
/* 00011140 0001120C  38 61 00 18 */	addi r3, r1, 0x18
/* 00011144 00011210  38 A0 00 13 */	li r5, 0x13
/* 00011148 00011214  48 00 01 19 */	bl fn_101_11260
/* 0001114C 00011218  7F A3 EB 78 */	mr r3, r29
/* 00011150 0001121C  81 9D 00 00 */	lwz r12, 0x0(r29)
/* 00011154 00011220  81 8C 00 28 */	lwz r12, 0x28(r12)
/* 00011158 00011224  7D 89 03 A6 */	mtctr r12
/* 0001115C 00011228  4E 80 04 21 */	bctrl
/* 00011160 0001122C  7C 64 1B 78 */	mr r4, r3
/* 00011164 00011230  38 61 00 08 */	addi r3, r1, 0x8
/* 00011168 00011234  38 A0 00 01 */	li r5, 0x1
/* 0001116C 00011238  48 00 00 F5 */	bl fn_101_11260
/* 00011170 0001123C  7F A3 EB 78 */	mr r3, r29
/* 00011174 00011240  81 9D 00 00 */	lwz r12, 0x0(r29)
/* 00011178 00011244  81 8C 00 28 */	lwz r12, 0x28(r12)
/* 0001117C 00011248  7D 89 03 A6 */	mtctr r12
/* 00011180 0001124C  4E 80 04 21 */	bctrl
/* 00011184 00011250  7C 65 1B 78 */	mr r5, r3
/* 00011188 00011254  7F C3 F3 78 */	mr r3, r30
/* 0001118C 00011258  38 80 FF FF */	li r4, -0x1
/* 00011190 0001125C  38 C1 00 18 */	addi r6, r1, 0x18
/* 00011194 00011260  81 9E 00 00 */	lwz r12, 0x0(r30)
/* 00011198 00011264  81 8C 00 4C */	lwz r12, 0x4c(r12)
/* 0001119C 00011268  7D 89 03 A6 */	mtctr r12
/* 000111A0 0001126C  4E 80 04 21 */	bctrl
/* 000111A4 00011270  7F 83 E3 78 */	mr r3, r28
/* 000111A8 00011274  81 9C 00 00 */	lwz r12, 0x0(r28)
/* 000111AC 00011278  81 8C 00 28 */	lwz r12, 0x28(r12)
/* 000111B0 0001127C  7D 89 03 A6 */	mtctr r12
/* 000111B4 00011280  4E 80 04 21 */	bctrl
/* 000111B8 00011284  7C 65 1B 78 */	mr r5, r3
/* 000111BC 00011288  7F C3 F3 78 */	mr r3, r30
/* 000111C0 0001128C  38 80 FF FF */	li r4, -0x1
/* 000111C4 00011290  38 C1 00 08 */	addi r6, r1, 0x8
/* 000111C8 00011294  81 9E 00 00 */	lwz r12, 0x0(r30)
/* 000111CC 00011298  81 8C 00 4C */	lwz r12, 0x4c(r12)
/* 000111D0 0001129C  7D 89 03 A6 */	mtctr r12
/* 000111D4 000112A0  4E 80 04 21 */	bctrl
/* 000111D8 000112A4  7F A3 EB 78 */	mr r3, r29
/* 000111DC 000112A8  81 9D 00 00 */	lwz r12, 0x0(r29)
/* 000111E0 000112AC  81 8C 00 28 */	lwz r12, 0x28(r12)
/* 000111E4 000112B0  7D 89 03 A6 */	mtctr r12
/* 000111E8 000112B4  4E 80 04 21 */	bctrl
/* 000111EC 000112B8  7C 65 1B 78 */	mr r5, r3
/* 000111F0 000112BC  7F C3 F3 78 */	mr r3, r30
/* 000111F4 000112C0  38 80 00 07 */	li r4, 0x7
/* 000111F8 000112C4  81 9E 00 00 */	lwz r12, 0x0(r30)
/* 000111FC 000112C8  81 8C 00 18 */	lwz r12, 0x18(r12)
/* 00011200 000112CC  7D 89 03 A6 */	mtctr r12
/* 00011204 000112D0  4E 80 04 21 */	bctrl
/* 00011208 000112D4  7F E3 FB 78 */	mr r3, r31
/* 0001120C 000112D8  38 80 00 05 */	li r4, 0x5
/* 00011210 000112DC  38 A0 00 00 */	li r5, 0x0
/* 00011214 000112E0  38 C0 00 00 */	li r6, 0x0
/* 00011218 000112E4  81 9F 00 00 */	lwz r12, 0x0(r31)
/* 0001121C 000112E8  81 8C 00 30 */	lwz r12, 0x30(r12)
/* 00011220 000112EC  7D 89 03 A6 */	mtctr r12
/* 00011224 000112F0  4E 80 04 21 */	bctrl
/* 00011228 000112F4  7F E3 FB 78 */	mr r3, r31
/* 0001122C 000112F8  38 80 00 04 */	li r4, 0x4
/* 00011230 000112FC  38 A0 00 00 */	li r5, 0x0
/* 00011234 00011300  38 C0 00 00 */	li r6, 0x0
/* 00011238 00011304  81 9F 00 00 */	lwz r12, 0x0(r31)
/* 0001123C 00011308  81 8C 00 30 */	lwz r12, 0x30(r12)
/* 00011240 0001130C  7D 89 03 A6 */	mtctr r12
/* 00011244 00011310  4E 80 04 21 */	bctrl
.L_00011248:
/* 00011248 00011314  39 61 00 40 */	addi r11, r1, 0x40
/* 0001124C 00011318  48 01 39 6D */	bl _restgpr_28
/* 00011250 0001131C  80 01 00 44 */	lwz r0, 0x44(r1)
/* 00011254 00011320  7C 08 03 A6 */	mtlr r0
/* 00011258 00011324  38 21 00 40 */	addi r1, r1, 0x40
/* 0001125C 00011328  4E 80 00 20 */	blr

text 11260..1127C fn_101_11260
/* 00011260 0001132C  38 00 04 55 */	li r0, 0x455
/* 00011264 00011330  90 03 00 00 */	stw r0, 0x0(r3)
/* 00011268 00011334  38 00 00 00 */	li r0, 0x0
/* 0001126C 00011338  98 03 00 04 */	stb r0, 0x4(r3)
/* 00011270 0001133C  90 83 00 08 */	stw r4, 0x8(r3)
/* 00011274 00011340  90 A3 00 0C */	stw r5, 0xc(r3)
/* 00011278 00011344  4E 80 00 20 */	blr

text 1127C..1130C fn_101_1127C
/* 0001127C 00011348  94 21 FF F0 */	stwu r1, -0x10(r1)
/* 00011280 0001134C  7C 08 02 A6 */	mflr r0
/* 00011284 00011350  90 01 00 14 */	stw r0, 0x14(r1)
/* 00011288 00011354  93 E1 00 0C */	stw r31, 0xc(r1)
/* 0001128C 00011358  7C 9F 23 78 */	mr r31, r4
/* 00011290 0001135C  80 64 00 D8 */	lwz r3, 0xd8(r4)
/* 00011294 00011360  80 63 00 54 */	lwz r3, 0x54(r3)
/* 00011298 00011364  38 80 00 07 */	li r4, 0x7
/* 0001129C 00011368  81 83 00 00 */	lwz r12, 0x0(r3)
/* 000112A0 0001136C  81 8C 00 A4 */	lwz r12, 0xa4(r12)
/* 000112A4 00011370  7D 89 03 A6 */	mtctr r12
/* 000112A8 00011374  4E 80 04 21 */	bctrl
/* 000112AC 00011378  2C 03 00 00 */	cmpwi r3, 0x0
/* 000112B0 0001137C  40 82 00 28 */	bne .L_000112D8
/* 000112B4 00011380  80 7F 00 D8 */	lwz r3, 0xd8(r31)
/* 000112B8 00011384  80 63 00 64 */	lwz r3, 0x64(r3)
/* 000112BC 00011388  3C 80 22 00 */	lis r4, 0x2200
/* 000112C0 0001138C  38 84 00 10 */	addi r4, r4, 0x10
/* 000112C4 00011390  81 83 00 00 */	lwz r12, 0x0(r3)
/* 000112C8 00011394  81 8C 00 50 */	lwz r12, 0x50(r12)
/* 000112CC 00011398  7D 89 03 A6 */	mtctr r12
/* 000112D0 0001139C  4E 80 04 21 */	bctrl
/* 000112D4 000113A0  48 00 00 24 */	b .L_000112F8
.L_000112D8:
/* 000112D8 000113A4  80 7F 00 D8 */	lwz r3, 0xd8(r31)
/* 000112DC 000113A8  80 63 00 64 */	lwz r3, 0x64(r3)
/* 000112E0 000113AC  3C 80 22 00 */	lis r4, 0x2200
/* 000112E4 000113B0  38 84 00 10 */	addi r4, r4, 0x10
/* 000112E8 000113B4  81 83 00 00 */	lwz r12, 0x0(r3)
/* 000112EC 000113B8  81 8C 00 54 */	lwz r12, 0x54(r12)
/* 000112F0 000113BC  7D 89 03 A6 */	mtctr r12
/* 000112F4 000113C0  4E 80 04 21 */	bctrl
.L_000112F8:
/* 000112F8 000113C4  83 E1 00 0C */	lwz r31, 0xc(r1)
/* 000112FC 000113C8  80 01 00 14 */	lwz r0, 0x14(r1)
/* 00011300 000113CC  7C 08 03 A6 */	mtlr r0
/* 00011304 000113D0  38 21 00 10 */	addi r1, r1, 0x10
/* 00011308 000113D4  4E 80 00 20 */	blr

text 1130C..11314 checkTransitionPrecede__19soStatusUniqProcessFP16soModuleAccesserPi
/* 0001130C 000113D8  38 60 00 01 */	li r3, 0x1
/* 00011310 000113DC  4E 80 00 20 */	blr

text 11314..11318 leaveStop__19soStatusUniqProcessFP16soModuleAccesserib
/* 00011314 000113E0  4E 80 00 20 */	blr

text 11318..11320 onChangeLr__19soStatusUniqProcessFP16soModuleAccesserff
/* 00011318 000113E4  38 60 00 00 */	li r3, 0x0
/* 0001131C 000113E8  4E 80 00 20 */	blr

text 11320..11324 checkAttack__19soStatusUniqProcessFP16soModuleAccesserPvf
/* 00011320 000113EC  4E 80 00 20 */	blr

text 11324..1132C checkDamage__19soStatusUniqProcessFP16soModuleAccesserPv
/* 00011324 000113F0  38 60 00 00 */	li r3, 0x0
/* 00011328 000113F4  4E 80 00 20 */	blr

text 1132C..11330 execFixCamera__19soStatusUniqProcessFP16soModuleAccesser
/* 0001132C 000113F8  4E 80 00 20 */	blr

text 11330..11334 execFixPosCounter__19soStatusUniqProcessFP16soModuleAccesser
/* 00011330 000113FC  4E 80 00 20 */	blr

text 11334..11338 execMapCorrection__19soStatusUniqProcessFP16soModuleAccesser
/* 00011334 00011400  4E 80 00 20 */	blr

text 11338..1133C execStop__19soStatusUniqProcessFP16soModuleAccesser
/* 00011338 00011404  4E 80 00 20 */	blr

text 1133C..11340 execStatus__19soStatusUniqProcessFP16soModuleAccesser
/* 0001133C 00011408  4E 80 00 20 */	blr

text 11340..11344 exitStatus__19soStatusUniqProcessFP16soModuleAccesseri
/* 00011340 0001140C  4E 80 00 20 */	blr

text 11344..11384 fn_101_11344
/* 00011344 00011410  94 21 FF F0 */	stwu r1, -0x10(r1)
/* 00011348 00011414  7C 08 02 A6 */	mflr r0
/* 0001134C 00011418  90 01 00 14 */	stw r0, 0x14(r1)
/* 00011350 0001141C  93 E1 00 0C */	stw r31, 0xc(r1)
/* 00011354 00011420  7C 7F 1B 78 */	mr r31, r3
/* 00011358 00011424  2C 03 00 00 */	cmpwi r3, 0x0
/* 0001135C 00011428  41 82 00 10 */	beq .L_0001136C
/* 00011360 0001142C  7C 80 07 35 */	extsh. r0, r4
/* 00011364 00011430  40 81 00 08 */	ble .L_0001136C
/* 00011368 00011434  48 01 38 51 */	bl __dl__FPv
.L_0001136C:
/* 0001136C 00011438  7F E3 FB 78 */	mr r3, r31
/* 00011370 0001143C  83 E1 00 0C */	lwz r31, 0xc(r1)
/* 00011374 00011440  80 01 00 14 */	lwz r0, 0x14(r1)
/* 00011378 00011444  7C 08 03 A6 */	mtlr r0
/* 0001137C 00011448  38 21 00 10 */	addi r1, r1, 0x10
/* 00011380 0001144C  4E 80 00 20 */	blr

text 11384..11388 execFixPos__19soStatusUniqProcessFP16soModuleAccesser
/* 00011384 00011450  4E 80 00 20 */	blr

text 11388..1138C initStatus__19soStatusUniqProcessFP16soModuleAccesser
/* 00011388 00011454  4E 80 00 20 */	blr

text 1138C..113D4 fn_101_1138C
/* 0001138C 00011458  94 21 FF F0 */	stwu r1, -0x10(r1)
/* 00011390 0001145C  7C 08 02 A6 */	mflr r0
/* 00011394 00011460  90 01 00 14 */	stw r0, 0x14(r1)
/* 00011398 00011464  93 E1 00 0C */	stw r31, 0xc(r1)
/* 0001139C 00011468  3F E0 00 00 */	lis r31, lbl_101_bss_1DC@ha
/* 000113A0 0001146C  38 7F 00 00 */	addi r3, r31, lbl_101_bss_1DC@l
/* 000113A4 00011470  48 00 00 31 */	bl fn_101_113D4
/* 000113A8 00011474  38 7F 00 00 */	addi r3, r31, lbl_101_bss_1DC@l
/* 000113AC 00011478  3C 80 00 00 */	lis r4, fn_101_11344@ha
/* 000113B0 0001147C  38 84 00 00 */	addi r4, r4, fn_101_11344@l
/* 000113B4 00011480  3C A0 00 00 */	lis r5, lbl_101_bss_1D0@ha
/* 000113B8 00011484  38 A5 00 00 */	addi r5, r5, lbl_101_bss_1D0@l
/* 000113BC 00011488  4B FE EC 45 */	bl __register_global_object
/* 000113C0 0001148C  83 E1 00 0C */	lwz r31, 0xc(r1)
/* 000113C4 00011490  80 01 00 14 */	lwz r0, 0x14(r1)
/* 000113C8 00011494  7C 08 03 A6 */	mtlr r0
/* 000113CC 00011498  38 21 00 10 */	addi r1, r1, 0x10
/* 000113D0 0001149C  4E 80 00 20 */	blr

text 113D4..113E4 fn_101_113D4
/* 000113D4 000114A0  3C 80 00 00 */	lis r4, lbl_101_data_88F0@ha
/* 000113D8 000114A4  38 84 00 00 */	addi r4, r4, lbl_101_data_88F0@l
/* 000113DC 000114A8  90 83 00 00 */	stw r4, 0x0(r3)
/* 000113E0 000114AC  4E 80 00 20 */	blr


