{
  "lbl_93_data_8318": "__RTTI__8BaseItem",
  "lbl_93_data_34EC": "__RTTI__9soArticle",
  "\"__RTTI__41soEventObserver<22soAnimCmdEventObserver>\"": "__RTTI__41soEventObserver<22soAnimCmdEventObserver>",
  "\"__RTTI__38soEventObserver<19soLinkEventObserver>\"": "__RTTI__38soEventObserver<19soLinkEventObserver>",
  "\"__RTTI__40soEventObserver<21soStatusEventObserver>\"": "__RTTI__40soEventObserver<21soStatusEventObserver>",
  "\"__RTTI__43soEventObserver<24soSituationEventObserver>\"": "__RTTI__43soEventObserver<24soSituationEventObserver>",
  "\"__RTTI__49soEventObserver<30soCollisionAttackEventObserver>\"": "__RTTI__49soEventObserver<30soCollisionAttackEventObserver>",
  "\"__RTTI__49soEventObserver<30soCollisionShieldEventObserver>\"": "__RTTI__49soEventObserver<30soCollisionShieldEventObserver>",
  "\"__RTTI__52soEventObserver<33soCollisionReflectorEventObserver>\"": "__RTTI__52soEventObserver<33soCollisionReflectorEventObserver>",
  "\"__RTTI__49soEventObserver<30soCollisionSearchEventObserver>\"": "__RTTI__49soEventObserver<30soCollisionSearchEventObserver>",
  "lbl_93_data_8344": "__RTTI__22soGimmickEventObserver",
  "lbl_93_data_8374": "__RTTI__41soEventObserver<22soGimmickEventObserver>",
  "lbl_93_data_3CCC": "__RTTI__10soNullable",
  "lbl_93_data_3520": "__RTTI__42soEventPresenter<22soArticleEventObserver>",
  "\"__RTTI__46soEventObserver<27soCollisionHitEventObserver>\"": "__RTTI__46soEventObserver<27soCollisionHitEventObserver>",
  "\"__RTTI__51soEventObserver<32soCollisionAbsorberEventObserver>\"": "__RTTI__51soEventObserver<32soCollisionAbsorberEventObserver>",
  "\"__RTTI__41soEventObserver<22soCaptureEventObserver>\"": "__RTTI__41soEventObserver<22soCaptureEventObserver>",
  "\"__RTTI__44soEventObserver<25soItemManageEventObserver>\"": "__RTTI__44soEventObserver<25soItemManageEventObserver>",
  "\"__RTTI__40soEventObserver<21soMotionEventObserver>\"": "__RTTI__40soEventObserver<21soMotionEventObserver>",
  "\"__RTTI__40soEventObserver<21soDamageEventObserver>\"": "__RTTI__40soEventObserver<21soDamageEventObserver>",
  "\"__RTTI__39soEventObserver<20ftEntryEventObserver>\"": "__RTTI__39soEventObserver<20ftEntryEventObserver>",
  "\"__RTTI__38soEventObserver<19soTurnEventObserver>\"": "__RTTI__38soEventObserver<19soTurnEventObserver>"
}
