{
  "lbl_93_data_3CF8": "__RTTI__6gfTask",
  "lbl_93_data_3C7C": "__RTTI__22soAnimCmdEventObserver",
  "lbl_93_data_3CAC": "__RTTI__41soEventObserver<22soAnimCmdEventObserver>",
  "lbl_93_data_3C20": "__RTTI__19soLinkEventObserver",
  "lbl_93_data_3C50": "__RTTI__38soEventObserver<19soLinkEventObserver>",
  "lbl_93_data_36A8": "__RTTI__21soStatusEventObserver",
  "lbl_93_data_36D8": "__RTTI__40soEventObserver<21soStatusEventObserver>",
  "lbl_93_data_39F8": "__RTTI__24soSituationEventObserver",
  "lbl_93_data_3A2C": "__RTTI__43soEventObserver<24soSituationEventObserver>",
  "lbl_93_data_3934": "__RTTI__30soCollisionAttackEventObserver",
  "lbl_93_data_396C": "__RTTI__49soEventObserver<30soCollisionAttackEventObserver>",
  "lbl_93_data_38C8": "__RTTI__27soCollisionHitEventObserver",
  "lbl_93_data_3900": "__RTTI__46soEventObserver<27soCollisionHitEventObserver>",
  "lbl_93_data_3860": "__RTTI__30soCollisionShieldEventObserver",
  "lbl_93_data_3898": "__RTTI__49soEventObserver<30soCollisionShieldEventObserver>",
  "lbl_93_data_37F0": "__RTTI__33soCollisionReflectorEventObserver",
  "lbl_93_data_382C": "__RTTI__52soEventObserver<33soCollisionReflectorEventObserver>",
  "lbl_93_data_377C": "__RTTI__32soCollisionAbsorberEventObserver",
  "lbl_93_data_37B8": "__RTTI__51soEventObserver<32soCollisionAbsorberEventObserver>",
  "lbl_93_data_370C": "__RTTI__30soCollisionSearchEventObserver",
  "lbl_93_data_3744": "__RTTI__49soEventObserver<30soCollisionSearchEventObserver>",
  "lbl_93_data_3998": "__RTTI__22soCaptureEventObserver",
  "lbl_93_data_39C8": "__RTTI__41soEventObserver<22soCaptureEventObserver>",
  "lbl_93_data_3490": "__RTTI__25soItemManageEventObserver",
  "lbl_93_data_34C4": "__RTTI__44soEventObserver<25soItemManageEventObserver>",
  "lbl_93_data_3414": "__RTTI__21soMotionEventObserver",
  "lbl_93_data_3444": "__RTTI__40soEventObserver<21soMotionEventObserver>",
  "lbl_93_data_3AB4": "__RTTI__21soDamageEventObserver",
  "lbl_93_data_3AE4": "__RTTI__40soEventObserver<21soDamageEventObserver>",
  "lbl_93_data_3A58": "__RTTI__20ftEntryEventObserver",
  "lbl_93_data_3A88": "__RTTI__39soEventObserver<20ftEntryEventObserver>",
  "lbl_93_data_33A4": "__RTTI__19soTurnEventObserver",
  "lbl_93_data_33D4": "__RTTI__38soEventObserver<19soTurnEventObserver>"
}
lbl_93_data_3CF8 -> __RTTI__6gfTask
lbl_93_data_3C7C -> __RTTI__22soAnimCmdEventObserver
lbl_93_data_3CAC -> __RTTI__41soEventObserver<22soAnimCmdEventObserver>
lbl_93_data_3C20 -> __RTTI__19soLinkEventObserver
lbl_93_data_3C50 -> __RTTI__38soEventObserver<19soLinkEventObserver>
lbl_93_data_36A8 -> __RTTI__21soStatusEventObserver
lbl_93_data_36D8 -> __RTTI__40soEventObserver<21soStatusEventObserver>
lbl_93_data_39F8 -> __RTTI__24soSituationEventObserver
lbl_93_data_3A2C -> __RTTI__43soEventObserver<24soSituationEventObserver>
lbl_93_data_3934 -> __RTTI__30soCollisionAttackEventObserver
lbl_93_data_396C -> __RTTI__49soEventObserver<30soCollisionAttackEventObserver>
lbl_93_data_38C8 -> __RTTI__27soCollisionHitEventObserver
lbl_93_data_3900 -> __RTTI__46soEventObserver<27soCollisionHitEventObserver>
lbl_93_data_3860 -> __RTTI__30soCollisionShieldEventObserver
lbl_93_data_3898 -> __RTTI__49soEventObserver<30soCollisionShieldEventObserver>
lbl_93_data_37F0 -> __RTTI__33soCollisionReflectorEventObserver
lbl_93_data_382C -> __RTTI__52soEventObserver<33soCollisionReflectorEventObserver>
lbl_93_data_377C -> __RTTI__32soCollisionAbsorberEventObserver
lbl_93_data_37B8 -> __RTTI__51soEventObserver<32soCollisionAbsorberEventObserver>
lbl_93_data_370C -> __RTTI__30soCollisionSearchEventObserver
lbl_93_data_3744 -> __RTTI__49soEventObserver<30soCollisionSearchEventObserver>
lbl_93_data_3998 -> __RTTI__22soCaptureEventObserver
lbl_93_data_39C8 -> __RTTI__41soEventObserver<22soCaptureEventObserver>
lbl_93_data_3490 -> __RTTI__25soItemManageEventObserver
lbl_93_data_34C4 -> __RTTI__44soEventObserver<25soItemManageEventObserver>
lbl_93_data_3414 -> __RTTI__21soMotionEventObserver
lbl_93_data_3444 -> __RTTI__40soEventObserver<21soMotionEventObserver>
lbl_93_data_3AB4 -> __RTTI__21soDamageEventObserver
lbl_93_data_3AE4 -> __RTTI__40soEventObserver<21soDamageEventObserver>
lbl_93_data_3A58 -> __RTTI__20ftEntryEventObserver
lbl_93_data_3A88 -> __RTTI__39soEventObserver<20ftEntryEventObserver>
lbl_93_data_33A4 -> __RTTI__19soTurnEventObserver
lbl_93_data_33D4 -> __RTTI__38soEventObserver<19soTurnEventObserver>
