fn_93_10E6C -> __dt__28ftLinkStatusUniqProcessFinalFv
lbl_93_data_84E8 -> __vt__28ftLinkStatusUniqProcessFinal
lbl_93_data_8554 -> __RTTI__28ftLinkStatusUniqProcessFinal
fn_93_10EAC -> __sinit_\ft_link_status_uniq_process_final_cpp
fn_93_10F2C -> __ct__28ftLinkStatusUniqProcessFinalFv
lbl_93_bss_18C -> g_ftLinkStatusUniqProcessFinal
fn_93_F998 -> initStatus__28ftLinkStatusUniqProcessFinalFP16soModuleAccesser
fn_93_FA94 -> execFixPos__28ftLinkStatusUniqProcessFinalFP16soModuleAccesser
fn_93_FC4C -> exitStatus__28ftLinkStatusUniqProcessFinalFP16soModuleAccesseri
fn_93_10E2C -> __dt__32ftLinkStatusUniqProcessFinalDashFv
lbl_93_data_8470 -> __vt__32ftLinkStatusUniqProcessFinalDash
lbl_93_data_84E0 -> __RTTI__32ftLinkStatusUniqProcessFinalDash
fn_93_10F3C -> __ct__32ftLinkStatusUniqProcessFinalDashFv
lbl_93_bss_19C -> g_ftLinkStatusUniqProcessFinalDash
fn_93_FFF8 -> initStatus__32ftLinkStatusUniqProcessFinalDashFP16soModuleAccesser
fn_93_100A8 -> execStatus__32ftLinkStatusUniqProcessFinalDashFP16soModuleAccesser
fn_93_10140 -> execFixPos__32ftLinkStatusUniqProcessFinalDashFP16soModuleAccesser
fn_93_10448 -> exitStatus__32ftLinkStatusUniqProcessFinalDashFP16soModuleAccesseri
fn_93_10DEC -> __dt__33ftLinkStatusUniqProcessFinalComboFv
lbl_93_data_83F8 -> __vt__33ftLinkStatusUniqProcessFinalCombo
lbl_93_data_8468 -> __RTTI__33ftLinkStatusUniqProcessFinalCombo
fn_93_10F4C -> __ct__33ftLinkStatusUniqProcessFinalComboFv
lbl_93_bss_1AC -> g_ftLinkStatusUniqProcessFinalCombo
fn_93_10630 -> initStatus__33ftLinkStatusUniqProcessFinalComboFP16soModuleAccesser
fn_93_106CC -> execFixPos__33ftLinkStatusUniqProcessFinalComboFP16soModuleAccesser
fn_93_10A34 -> exitStatus__33ftLinkStatusUniqProcessFinalComboFP16soModuleAccesseri
fn_93_10090 -> __ct__14LinkFinalEventFv
