fn_93_F2AC -> __dt__36ftLinkStatusUniqProcessSpecialRSlashFv
lbl_93_data_80B8 -> __vt__36ftLinkStatusUniqProcessSpecialRSlash
lbl_93_data_812C -> __RTTI__36ftLinkStatusUniqProcessSpecialRSlash
fn_93_F2F0 -> __sinit_\ft_link_status_uniq_process_special_r_slash_cpp
fn_93_F338 -> __ct__36ftLinkStatusUniqProcessSpecialRSlashFv
lbl_93_bss_14C -> g_ftLinkStatusUniqProcessSpecialRSlash
fn_93_F26C -> initStatus__36ftLinkStatusUniqProcessSpecialRSlashFP16soModuleAccesser
fn_93_F270 -> execStatus__36ftLinkStatusUniqProcessSpecialRSlashFP16soModuleAccesser
lbl_93_data_8148 -> __RTTI__19soStatusUniqProcess
fn_93_F274 -> checkTransitionPrecede__19soStatusUniqProcessFP16soModuleAccesserPi
fn_93_F27C -> leaveStop__19soStatusUniqProcessFP16soModuleAccesserib
fn_93_F280 -> onChangeLr__19soStatusUniqProcessFP16soModuleAccesserff
fn_93_F288 -> checkAttack__19soStatusUniqProcessFP16soModuleAccesserPvf
fn_93_F28C -> checkDamage__19soStatusUniqProcessFP16soModuleAccesserPv
fn_93_F294 -> execFixCamera__19soStatusUniqProcessFP16soModuleAccesser
fn_93_F298 -> execFixPos__19soStatusUniqProcessFP16soModuleAccesser
fn_93_F29C -> execFixPosCounter__19soStatusUniqProcessFP16soModuleAccesser
fn_93_F2A0 -> execMapCorrection__19soStatusUniqProcessFP16soModuleAccesser
fn_93_F2A4 -> execStop__19soStatusUniqProcessFP16soModuleAccesser
fn_93_F2A8 -> exitStatus__19soStatusUniqProcessFP16soModuleAccesseri
fn_93_F2EC -> execStatus__19soStatusUniqProcessFP16soModuleAccesser
