[1/2] SPLIT config\RSBE01_01\config.yml
 INFO Loading config\RSBE01_01\config.yml
 INFO Loading and analyzing 127 modules (using 16 threads)
 INFO Initial analysis completed in 45.758s (found 92523 functions)
 INFO Rebuilding relocations and splitting
 WARN module{name=ft_marth id=106}: Alignment for mo_fighter/ft_marth/ft_marth_status_uniq_process_special_hi.cpp .data expected 8, but starts at 4:0x00005584
 INFO module{name=st_heal id=87}: Writing updated config\RSBE01_01\rels\st_heal\splits.txt
 INFO Splitting completed in 16.665s (wrote 4405 objects)
 INFO Total time: 64.076s
[2/2] RUN configure.py
[1/4] SPLIT config\RSBE01_01\config.yml
 INFO Loading config\RSBE01_01\config.yml
 INFO Loading and analyzing 127 modules (using 16 threads)
 INFO Initial analysis completed in 44.966s (found 92523 functions)
 INFO Rebuilding relocations and splitting
 WARN module{name=ft_marth id=106}: Alignment for mo_fighter/ft_marth/ft_marth_status_uniq_process_special_hi.cpp .data expected 8, but starts at 4:0x00005584
 INFO Splitting completed in 5.807s (wrote 4405 objects)
 INFO Total time: 51.266s
[2/4] RUN configure.py
[1/11] LINK build\RSBE01_01\st_heal\st_heal.preplf
[2/11] LINK build\RSBE01_01\st_heal\st_heal.plf
### build\compilers\GC\3.0a5.2\mwldeppc.exe Linker Warning:
#   FORCEACTIVE symbol 'stHeal::create()' is either not a global symbol or 
#   doesn't exist.  Ignored.
[3/11] MWCC build\RSBE01_01\src\mo_stage\st_heal\st_heal.o
FAILED: [code=2] build/RSBE01_01/src/mo_stage/st_heal/st_heal.o 
build\tools\sjiswrap.exe build\compilers\GC\3.0a5.2\mwcceppc.exe -nodefaults -proc gekko -align powerpc -enum int -fp hardware -Cpp_exceptions off -O4,p -inline auto -pragma "cats off" -pragma "warn_notinlined off" -maxerrors 1 -nosyspath -RTTI off -fp_contract off -str reuse -enc SJIS -i include -i build/RSBE01_01/include -DBUILD_VERSION=2 -DVERSION_RSBE01_01 -DMATCHING -Iinclude -Iinclude/lib/PowerPC_EABI_Support/Runtime/Inc -Iinclude/lib/BrawlHeaders/Brawl/Include -Iinclude/lib/BrawlHeaders/nw4r/include -Iinclude/lib/BrawlHeaders/OpenRVL/include -Iinclude/lib/BrawlHeaders/OpenRVL/include/MetroTRK -Iinclude/lib/BrawlHeaders/OpenRVL/include/revolution -Iinclude/lib/BrawlHeaders/OpenRVL/include/RVLFaceLib -Iinclude/lib/BrawlHeaders/OpenRVL/include/stl -Iinclude/lib/BrawlHeaders/utils/include -RTTI on -ipa file -sdata 0 -sdata2 0 -lang=c++ -MMD -c src\mo_stage\st_heal\st_heal.cpp -o build\RSBE01_01\src\mo_stage\st_heal
### mwcceppc.exe Compiler:
#    File: src\mo_stage\st_heal\st_heal.cpp
# -----------------------------------------
#      66:     m_ground1dc->startup(m_fileData, 0, gfSceneRoot::Layer_4); 
#   Error:                                                      ^^^^^^^
#   (10140) undefined identifier 'gfSceneRoot::Layer_4'
#   Too many errors printed, aborting program

User break, cancelled...
[4/11] REL
 INFO Loading 127 modules
 INFO Symbol resolution completed in 0.113s (resolved 228353 symbols)
 INFO RELs written in 0.231s
 INFO Total time: 1.518s
ninja: build stopped: subcommand failed.
